15:42:44 **** Incremental Build of configuration Debug for project MCU_project ****
make -j8 all 
arm-none-eabi-gcc "../Core/Src/input_processing.c" -mcpu=cortex-m3 -std=gnu11 -g3 -DDEBUG -DUSE_HAL_DRIVER -DSTM32F103xB -c -I../Core/Inc -I../Drivers/STM32F1xx_HAL_Driver/Inc/Legacy -I../Drivers/STM32F1xx_HAL_Driver/Inc -I../Drivers/CMSIS/Device/ST/STM32F1xx/Include -I../Drivers/CMSIS/Include -O0 -ffunction-sections -fdata-sections -Wall -fstack-usage -MMD -MP -MF"Core/Src/input_processing.d" -MT"Core/Src/input_processing.o" --specs=nano.specs -mfloat-abi=soft -mthumb -o "Core/Src/input_processing.o"
arm-none-eabi-gcc "../Core/Src/input_reading.c" -mcpu=cortex-m3 -std=gnu11 -g3 -DDEBUG -DUSE_HAL_DRIVER -DSTM32F103xB -c -I../Core/Inc -I../Drivers/STM32F1xx_HAL_Driver/Inc/Legacy -I../Drivers/STM32F1xx_HAL_Driver/Inc -I../Drivers/CMSIS/Device/ST/STM32F1xx/Include -I../Drivers/CMSIS/Include -O0 -ffunction-sections -fdata-sections -Wall -fstack-usage -MMD -MP -MF"Core/Src/input_reading.d" -MT"Core/Src/input_reading.o" --specs=nano.specs -mfloat-abi=soft -mthumb -o "Core/Src/input_reading.o"
arm-none-eabi-gcc -o "MCU_project.elf" @"objects.list"   -mcpu=cortex-m3 -T"D:\LEAR\K221\MCU\MCU_Code\project\MCU_project\STM32F103RBTX_FLASH.ld" --specs=nosys.specs -Wl,-Map="MCU_project.map" -Wl,--gc-sections -static --specs=nano.specs -mfloat-abi=soft -mthumb -Wl,--start-group -lc -lm -Wl,--end-group
Finished building target: MCU_project.elf
 
arm-none-eabi-size   MCU_project.elf 
arm-none-eabi-objdump -h -S  MCU_project.elf  > "MCU_project.list"
   text	   data	    bss	    dec	    hex	filename
   9796	     20	   1708	  11524	   2d04	MCU_project.elf
Finished building: default.size.stdout
 
Finished building: MCU_project.list
 

15:42:46 Build Finished. 0 errors, 0 warnings. (took 1s.259ms)

